weatherReport/weatherReport.xml
weatherReport/wuWeatherReport.xml
event/gdacEasrthquake.xml
event/diasaster.xml
event/icsmdCharteredEvent.xml
event/icmsd.xml
event/earthquake.xml
event/event.xml
creativeWork/tvShow.xml
creativeWork/amazonList.xml
creativeWork/nytimesArticle.xml
creativeWork/fondationArticle.xml
creativeWork/netflixMovie.xml
creativeWork/movie.xml
creativeWork/grant.xml
creativeWork/googlePatent.xml
creativeWork/socialMediaProfile.xml
creativeWork/tvComShow.xml
creativeWork/socialVideo.xml
creativeWork/slashdotPost.xml
creativeWork/vimeoVideo.xml
creativeWork/boardGame.xml
creativeWork/imdbMovie.xml
creativeWork/creativeWork.xml
creativeWork/pinterestAuthor.xml
creativeWork/bggBoardGame.xml
creativeWork/tedTalkVideo.xml
creativeWork/youtubeVideo.xml
creativeWork/patent.xml
creativeWork/nsfAwardGrant.xml
creativeWork/tvShowEpisode.xml
creativeWork/curation.xml
creativeWork/leagueOfLegendsChampion.xml
creativeWork/facebookVideo.xml
creativeWork/pinterestPin.xml
creativeWork/rottenTomatoeMovie.xml
creativeWork/pinterestPinboard.xml
creativeWork/collaborative/githubIssuePage.xml
creativeWork/collaborative/githubIssues.xml
creativeWork/collaborative/repository.xml
creativeWork/collaborative/githubCommits.xml
creativeWork/collaborative/githubProject.xml
creativeWork/publication/ieeeJournal.xml
creativeWork/publication/springerSeriesSummary.xml
creativeWork/publication/springerJournal.xml
creativeWork/publication/book.xml
creativeWork/publication/basicPublication.xml
creativeWork/publication/acmPortalPublication.xml
creativeWork/publication/periodical.xml
creativeWork/publication/publication.xml
creativeWork/publication/googleBook.xml
creativeWork/publication/springerBook.xml
creativeWork/publication/amazonBook.xml
creativeWork/publication/pubmedJournal.xml
creativeWork/scholarlyArticle/jstorArticle.xml
creativeWork/scholarlyArticle/pubmedArticle.xml
creativeWork/scholarlyArticle/googleScholarArticle.xml
creativeWork/scholarlyArticle/researchgateResearcher.xml
creativeWork/scholarlyArticle/scienceDirectArticle.xml
creativeWork/scholarlyArticle/sageArticle.xml
creativeWork/scholarlyArticle/citeseerxRecord.xml
creativeWork/scholarlyArticle/citeulikePaper.xml
creativeWork/scholarlyArticle/acmScholarlyArticle.xml
creativeWork/scholarlyArticle/informaWorldScholarlyArticle.xml
creativeWork/scholarlyArticle/citeseerxSimilar.xml
creativeWork/scholarlyArticle/ieeeArticleBody.xml
creativeWork/scholarlyArticle/ieeeArticle.xml
creativeWork/scholarlyArticle/citeseerxSummary.xml
creativeWork/scholarlyArticle/wileyArticle.xml
creativeWork/scholarlyArticle/scopusArticle.xml
creativeWork/scholarlyArticle/researchgateArticle.xml
creativeWork/scholarlyArticle/springerArticle.xml
creativeWork/scholarlyArticle/scholarlyArticle.xml
creativeWork/blogPost/twitterPost.xml
creativeWork/blogPost/socialMediaPost.xml
creativeWork/blogPost/tumblrPost.xml
creativeWork/blogPost/twitterStatus.xml
creativeWork/blogPost/wordpressPost.xml
creativeWork/blogPost/blogPost.xml
creativeWork/blogPost/instagramPost.xml
creativeWork/blogPost/flickrPhotoPost.xml
creativeWork/artwork/newMuseumArtwork.xml
creativeWork/artwork/flamencoObject.xml
creativeWork/artwork/whitneyArtwork.xml
creativeWork/artwork/mmArtwork.xml
creativeWork/artwork/metArtwork.xml
creativeWork/artwork/gettyArtwork.xml
creativeWork/artwork/tateArtwork.xml
creativeWork/artwork/momaArtwork.xml
creativeWork/artwork/artwork.xml
creativeWork/artwork/whitneyWatchAndListen.xml
creativeWork/artwork/guggenArtwork.xml
creativeWork/artwork/rhizomeArtwork.xml
creativeWork/artwork/cartoon/cartoon.xml
creativeWork/artwork/cartoon/gaurdianComic.xml
creativeWork/artwork/cartoon/globeCartoon.xml
creativeWork/artwork/cartoon/trumanCampaignCartoon.xml
creativeWork/artwork/cartoon/sfuCartoonArchive.xml
creativeWork/artwork/cartoon/politicalCartoon.xml
creativeWork/artwork/cartoon/britishCartoonArchive.xml
creativeWork/exhibition/rhizomeCollection.xml
creativeWork/exhibition/newmuseumExhibition.xml
creativeWork/exhibition/artchiExhibition.xml
creativeWork/exhibition/exhibition.xml
creativeWork/blog/blog.xml
creativeWork/blog/instagramProfile.xml
creativeWork/blog/instagramHomeFeed.xml
creativeWork/blog/wordpressBlog.xml
creativeWork/blog/facebookProfile.xml
creativeWork/blog/subreddit.xml
creativeWork/blog/facebookNewsFeed.xml
creativeWork/blog/twitterBlog.xml
creativeWork/blog/socialMediaFeed.xml
creativeWork/article/newsArticle.xml
creativeWork/article/article.xml
creativeWork/techReview/anandtechReview.xml
creativeWork/techReview/techReview.xml
creativeWork/techReview/cnetReview.xml
primitiveTypes/webVideo.xml
primitiveTypes/clippableDocument.xml
primitiveTypes/htmlText.xml
primitiveTypes/annotate.xml
primitiveTypes/richArtifact.xml
primitiveTypes/videoSelfmade.xml
primitiveTypes/sequencedClippableDocument.xml
primitiveTypes/audioClipping.xml
primitiveTypes/document.xml
primitiveTypes/metadata.xml
primitiveTypes/creativeAct.xml
primitiveTypes/assignPrimaryLink.xml
primitiveTypes/frameSelfmade.xml
primitiveTypes/pdf.xml
primitiveTypes/aggregateSelfmade.xml
primitiveTypes/xml.xml
primitiveTypes/video.xml
primitiveTypes/persistenceMetalnfo.xml
primitiveTypes/curateLink.xml
primitiveTypes/audioSelfmade.xml
primitiveTypes/audio.xml
primitiveTypes/clipping.xml
primitiveTypes/informationCompositionMedia.xml
primitiveTypes/pdfMixin.xml
primitiveTypes/cachedHTML.xml
primitiveTypes/debugMetadata.xml
primitiveTypes/macheClipping.xml
primitiveTypes/image.xml
primitiveTypes/textSelfmade.xml
primitiveTypes/imageSelfmade.xml
primitiveTypes/imageClipping.xml
primitiveTypes/richDocument.xml
primitiveTypes/mediaProvider.xml
primitiveTypes/documentMetadataWrap.xml
primitiveTypes/textClipping.xml
primitiveTypes/couchdbEntry.xml
primitiveTypes/videoClipping.xml
search/researchGateSearch.xml
search/citeulikeSearch.xml
search/nsfSearch.xml
search/urbanspoonSearch.xml
search/gettySearch.xml
search/twitterSearch.xml
search/citeseerxSearch.xml
search/gScholarAuthorSearch.xml
search/slashdotSearch.xml
search/newmuseumFilter.xml
search/tateFilter.xml
search/wikipediaSearch.xml
search/googleSearch.xml
search/guggenFilter.xml
search/tumblrSearch.xml
search/acmPortalSearch.xml
search/whitneySearch.xml
search/googleScholarSearch.xml
search/jstorSearch.xml
search/citeseerxCiting.xml
search/rhizomeTag.xml
search/springerSearch.xml
search/bingSearch.xml
search/search.xml
search/youtubeSearch.xml
search/ieeeSearch.xml
search/momaList.xml
search/whitneyDecade.xml
search/metFilter.xml
search/redditSearch.xml
search/myGoogleSearch.xml
search/scopusSearch.xml
search/yahooSearch.xml
search/imageSearch/imgurSearch.xml
search/imageSearch/redditGifSearch.xml
search/imageSearch/pinterestImageSearch.xml
search/imageSearch/imageSearch.xml
search/imageSearch/tumblrTagResults.xml
search/imageSearch/bingImageSearch.xml
search/imageSearch/googleImageSearch.xml
image/googlePatentImage.xml
image/googleImage.xml
otherDefinitions/agents.xml
otherDefinitions/engines.xml
otherDefinitions/styles.xml
otherDefinitions/sites.xml
commodity/commodity.xml
commodity/product/product.xml
commodity/product/restorationHardwareProduct.xml
commodity/product/taylorSwiftProduct.xml
commodity/product/samsclubProduct.xml
commodity/product/overstockProduct.xml
commodity/product/ebayProduct.xml
commodity/product/uniqloProduct.xml
commodity/product/hmProduct.xml
commodity/product/glassTileStoreProduct.xml
commodity/product/urbanHardwoodsProduct.xml
commodity/product/appleProduct.xml
commodity/product/wayfairProduct.xml
commodity/product/roomandboard.xml
commodity/product/remodelistaProduct.xml
commodity/product/anthropologieProduct.xml
commodity/product/cb2Product.xml
commodity/product/appleAccessoryProduct.xml
commodity/product/lowesProduct.xml
commodity/product/sixpmProduct.xml
commodity/product/pieroneProduct.xml
commodity/product/targetProduct.xml
commodity/product/walmartProduct.xml
commodity/product/westelmProduct.xml
commodity/product/appleMacProduct.xml
commodity/product/bedbathandbeyondProduct.xml
commodity/product/asosProduct.xml
commodity/product/modclothProduct.xml
commodity/product/zaraProduct.xml
commodity/product/forever21Product.xml
commodity/product/ikeaProduct.xml
commodity/product/modclothSearch.xml
commodity/product/houzzProduct.xml
commodity/product/potterybarnProduct.xml
commodity/product/landOfNodProduct.xml
commodity/product/neweggProduct.xml
commodity/product/bestbuyProduct.xml
commodity/product/etsyProduct.xml
commodity/product/crateAndBarrelProduct.xml
commodity/product/tigerdirectProduct.xml
commodity/product/onekingslaneProduct.xml
commodity/product/amazonProduct.xml
commodity/product/homeDepotProduct.xml
commodity/service/tripAdvisorHotel.xml
commodity/service/hotel.xml
commodity/service/hiltonHotel.xml
commodity/service/yelpBusiness.xml
commodity/service/urbanspoonGenre.xml
commodity/service/homeawayHotel.xml
commodity/service/service.xml
commodity/service/airbnbHotel.xml
commodity/service/restaurant.xml
commodity/service/urbanspoonResteraunt.xml
comment/rating.xml
comment/review.xml
comment/comment.xml
person/citeulikeUser.xml
person/socialMediaUser.xml
person/imdbMoviePerson.xml
person/person.xml
person/grantStaff.xml
person/rottenTomatoeMoviePerson.xml
person/moviePerson.xml
person/fashionReviewer.xml
person/nsfStaff.xml
person/author/citeulikeAuthor.xml
person/author/patentAuthor.xml
person/author/googleScholarAuthor.xml
person/author/investigator.xml
person/author/idea_mache_user.xml
person/author/googlePatentAuthor.xml
person/author/researchgateAuthor.xml
person/author/gettyArtist.xml
person/author/facebookUser.xml
person/author/instructableAuthor.xml
person/author/scopusAuthor.xml
person/author/springerEditor.xml
person/author/acmAuthor.xml
person/author/flickrAuthor.xml
person/author/momaArtist.xml
person/author/nsfinvestigator.xml
person/author/tweeter.xml
person/author/tedAuthor.xml
person/author/author.xml
person/author/ieeeAuthor.xml
person/author/rhizomeArtist.xml
person/author/artist.xml
person/author/newMuseumArtist.xml
person/author/tateArtist.xml
person/author/pubmedAuthor.xml
wikipediaPage/wikipediaPage.xml
nsfDivision.xml
fondationCollection.xml
icdlImageResult.xml
socialMediaInterest.xml
camera.xml
postalAddress.xml
redditFeed.xml
ted_playlist.xml
rwandaTribunalVoices.xml
gettyCollection.xml
icdlBookPreview.xml
attraction.xml
flamencoFacet.xml
askNatureFunction.xml
tripAdvisor.xml
rss_2_2.xml
asosPage.xml
ieeeCitedBy.xml
citeulikeTag.xml
gettyExploration.xml
flickrTag.xml
opml.xml
grantProgram.xml
nsfStaffList.xml
askNatureImage.xml
rwandaPersonnelInterview.xml
youtubePlaylist.xml
attractionList.xml
patentClassification.xml
researchgateinstitution.xml
youtubeChannel.xml
thumbnail.xml
ndslService.xml
slashdotRSS.xml
acmPortalInstitution.xml
fodorAttraction.xml
ieeeReferences.xml
nsfProgram.xml
buildInfo.xml
rwandaVideoInterview.xml
askNatureGroup.xml
fodorAttractions.xml
ingetaConnect.xml
fondationTag.xml
ndslDocument.xml
fastflipSearch.xml
contactPoint.xml
rss.xml
instructable.xml
askNatureStrategy.xml
ieeeKeywords.xml
tvtropes.xml
publisher.xml
openDNSDomain.xml
item.xml
gisLocation.xml
askNatureProduct.xml
flickrPhotostream.xml
yahooRss.xml
ted_topic.xml
researchgateInstitutionDepartment.xml
askNatureSubgroup.xml
jstorJournal.xml
dublinCore.xml
instructableTag.xml
