wikipediaPage/wikipediaPage.xml
weatherReport/wuWeatherReport.xml
weatherReport/weatherReport.xml
otherDefinitions/sites.xml
otherDefinitions/styles.xml
otherDefinitions/engines.xml
otherDefinitions/agents.xml
person/moviePerson.xml
person/fashionReviewer.xml
person/person.xml
person/rottenTomatoeMoviePerson.xml
person/imdbMoviePerson.xml
person/socialMediaUser.xml
person/nsfStaff.xml
person/citeulikeUser.xml
person/grantStaff.xml
person/author/tedAuthor.xml
person/author/acmAuthor.xml
person/author/instructableAuthor.xml
person/author/investigator.xml
person/author/pubmedAuthor.xml
person/author/googleScholarAuthor.xml
person/author/gettyArtist.xml
person/author/nsfinvestigator.xml
person/author/rhizomeArtist.xml
person/author/flickrAuthor.xml
person/author/scopusAuthor.xml
person/author/tateArtist.xml
person/author/momaArtist.xml
person/author/artist.xml
person/author/tweeter.xml
person/author/newMuseumArtist.xml
person/author/citeulikeAuthor.xml
person/author/researchgateAuthor.xml
person/author/idea_mache_user.xml
person/author/springerEditor.xml
person/author/author.xml
person/author/patentAuthor.xml
person/author/facebookUser.xml
person/author/ieeeAuthor.xml
person/author/googlePatentAuthor.xml
comment/review.xml
comment/comment.xml
comment/rating.xml
creativeWork/pinterestPin.xml
creativeWork/grant.xml
creativeWork/movie.xml
creativeWork/imdbMovie.xml
creativeWork/tedTalkVideo.xml
creativeWork/creativeWork.xml
creativeWork/pinterestPinboard.xml
creativeWork/leagueOfLegendsChampion.xml
creativeWork/facebookVideo.xml
creativeWork/nytimesArticle.xml
creativeWork/socialVideo.xml
creativeWork/pinterestAuthor.xml
creativeWork/tvShow.xml
creativeWork/youtubeVideo.xml
creativeWork/curation.xml
creativeWork/nsfAwardGrant.xml
creativeWork/instagramVideo.xml
creativeWork/patent.xml
creativeWork/tvShowEpisode.xml
creativeWork/boardGame.xml
creativeWork/googlePatent.xml
creativeWork/amazonList.xml
creativeWork/tvComShow.xml
creativeWork/netflixMovie.xml
creativeWork/fondationArticle.xml
creativeWork/slashdotPost.xml
creativeWork/bggBoardGame.xml
creativeWork/rottenTomatoeMovie.xml
creativeWork/vimeoVideo.xml
creativeWork/socialMediaProfile.xml
creativeWork/artwork/whitneyWatchAndListen.xml
creativeWork/artwork/metArtwork.xml
creativeWork/artwork/momaArtwork.xml
creativeWork/artwork/mmArtwork.xml
creativeWork/artwork/rhizomeArtwork.xml
creativeWork/artwork/guggenArtwork.xml
creativeWork/artwork/tateArtwork.xml
creativeWork/artwork/flamencoObject.xml
creativeWork/artwork/newMuseumArtwork.xml
creativeWork/artwork/whitneyArtwork.xml
creativeWork/artwork/artwork.xml
creativeWork/artwork/gettyArtwork.xml
creativeWork/artwork/cartoon/gaurdianComic.xml
creativeWork/artwork/cartoon/globeCartoon.xml
creativeWork/artwork/cartoon/trumanCampaignCartoon.xml
creativeWork/artwork/cartoon/sfuCartoonArchive.xml
creativeWork/artwork/cartoon/britishCartoonArchive.xml
creativeWork/artwork/cartoon/politicalCartoon.xml
creativeWork/artwork/cartoon/cartoon.xml
creativeWork/publication/book.xml
creativeWork/publication/ieeeJournal.xml
creativeWork/publication/periodical.xml
creativeWork/publication/publication.xml
creativeWork/publication/springerBook.xml
creativeWork/publication/springerSeriesSummary.xml
creativeWork/publication/acmPortalPublication.xml
creativeWork/publication/amazonBook.xml
creativeWork/publication/pubmedJournal.xml
creativeWork/publication/basicPublication.xml
creativeWork/publication/springerJournal.xml
creativeWork/publication/googleBook.xml
creativeWork/collaborative/githubIssues.xml
creativeWork/collaborative/githubCommits.xml
creativeWork/collaborative/githubProject.xml
creativeWork/collaborative/githubIssuePage.xml
creativeWork/collaborative/repository.xml
creativeWork/blog/instagramProfile.xml
creativeWork/blog/twitterBlog.xml
creativeWork/blog/subreddit.xml
creativeWork/blog/instagramTagFeed.xml
creativeWork/blog/instagramHomeFeed.xml
creativeWork/blog/blog.xml
creativeWork/blog/socialMediaFeed.xml
creativeWork/blog/wordpressBlog.xml
creativeWork/blog/facebookProfile.xml
creativeWork/blog/facebookNewsFeed.xml
creativeWork/blog/facebookGroup.xml
creativeWork/scholarlyArticle/citeulikePaper.xml
creativeWork/scholarlyArticle/ieeeArticle.xml
creativeWork/scholarlyArticle/wileyArticle.xml
creativeWork/scholarlyArticle/researchgateResearcher.xml
creativeWork/scholarlyArticle/ieeeArticleBody.xml
creativeWork/scholarlyArticle/acmScholarlyArticle.xml
creativeWork/scholarlyArticle/informaWorldScholarlyArticle.xml
creativeWork/scholarlyArticle/citeseerxSimilar.xml
creativeWork/scholarlyArticle/pubmedArticle.xml
creativeWork/scholarlyArticle/scholarlyArticle.xml
creativeWork/scholarlyArticle/springerArticle.xml
creativeWork/scholarlyArticle/citeseerxRecord.xml
creativeWork/scholarlyArticle/sageArticle.xml
creativeWork/scholarlyArticle/citeseerxSummary.xml
creativeWork/scholarlyArticle/jstorArticle.xml
creativeWork/scholarlyArticle/scienceDirectArticle.xml
creativeWork/scholarlyArticle/scopusArticle.xml
creativeWork/scholarlyArticle/researchgateArticle.xml
creativeWork/scholarlyArticle/googleScholarArticle.xml
creativeWork/exhibition/exhibition.xml
creativeWork/exhibition/rhizomeCollection.xml
creativeWork/exhibition/newmuseumExhibition.xml
creativeWork/exhibition/artchiExhibition.xml
creativeWork/article/newsArticle.xml
creativeWork/article/article.xml
creativeWork/blogPost/instagramPost.xml
creativeWork/blogPost/twitterStatus.xml
creativeWork/blogPost/blogPost.xml
creativeWork/blogPost/wordpressPost.xml
creativeWork/blogPost/tumblrPost.xml
creativeWork/blogPost/flickrPhotoPost.xml
creativeWork/blogPost/twitterPost.xml
creativeWork/blogPost/socialMediaPost.xml
creativeWork/techReview/cnetReview.xml
creativeWork/techReview/techReview.xml
creativeWork/techReview/anandtechReview.xml
commodity/commodity.xml
commodity/product/bestbuyProduct.xml
commodity/product/taylorSwiftProduct.xml
commodity/product/modclothSearch.xml
commodity/product/restorationHardwareProduct.xml
commodity/product/product.xml
commodity/product/appleMacProduct.xml
commodity/product/crateAndBarrelProduct.xml
commodity/product/homeDepotProduct.xml
commodity/product/targetProduct.xml
commodity/product/landOfNodProduct.xml
commodity/product/forever21Product.xml
commodity/product/bedbathandbeyondProduct.xml
commodity/product/houzzProduct.xml
commodity/product/appleProduct.xml
commodity/product/roomandboard.xml
commodity/product/lowesProduct.xml
commodity/product/cb2Product.xml
commodity/product/westelmProduct.xml
commodity/product/tigerdirectProduct.xml
commodity/product/glassTileStoreProduct.xml
commodity/product/ebayProduct.xml
commodity/product/potterybarnProduct.xml
commodity/product/etsyProduct.xml
commodity/product/asosProduct.xml
commodity/product/overstockProduct.xml
commodity/product/hmProduct.xml
commodity/product/modclothProduct.xml
commodity/product/samsclubProduct.xml
commodity/product/zaraProduct.xml
commodity/product/appleAccessoryProduct.xml
commodity/product/remodelistaProduct.xml
commodity/product/urbanHardwoodsProduct.xml
commodity/product/ikeaProduct.xml
commodity/product/neweggProduct.xml
commodity/product/amazonProduct.xml
commodity/product/uniqloProduct.xml
commodity/product/wayfairProduct.xml
commodity/product/walmartProduct.xml
commodity/product/onekingslaneProduct.xml
commodity/product/sixpmProduct.xml
commodity/product/anthropologieProduct.xml
commodity/product/pieroneProduct.xml
commodity/service/hotel.xml
commodity/service/yelpBusiness.xml
commodity/service/tripAdvisorHotel.xml
commodity/service/service.xml
commodity/service/hiltonHotel.xml
commodity/service/restaurant.xml
commodity/service/urbanspoonGenre.xml
commodity/service/urbanspoonResteraunt.xml
commodity/service/airbnbHotel.xml
commodity/service/homeawayHotel.xml
image/googlePatentImage.xml
image/googleImage.xml
search/scopusSearch.xml
search/whitneyDecade.xml
search/nsfSearch.xml
search/citeulikeSearch.xml
search/wikipediaSearch.xml
search/guggenFilter.xml
search/rhizomeTag.xml
search/gScholarAuthorSearch.xml
search/redditSearch.xml
search/googleSearch.xml
search/bingSearch.xml
search/researchGateSearch.xml
search/urbanspoonSearch.xml
search/yahooSearch.xml
search/ieeeSearch.xml
search/jstorSearch.xml
search/tumblrSearch.xml
search/search.xml
search/tateFilter.xml
search/gettySearch.xml
search/momaList.xml
search/newmuseumFilter.xml
search/youtubeSearch.xml
search/citeseerxCiting.xml
search/googleScholarSearch.xml
search/metFilter.xml
search/myGoogleSearch.xml
search/twitterSearch.xml
search/slashdotSearch.xml
search/whitneySearch.xml
search/acmPortalSearch.xml
search/springerSearch.xml
search/citeseerxSearch.xml
search/imageSearch/bingImageSearch.xml
search/imageSearch/pinterestImageSearch.xml
search/imageSearch/googleImageSearch.xml
search/imageSearch/redditGifSearch.xml
search/imageSearch/imageSearch.xml
search/imageSearch/tumblrTagResults.xml
search/imageSearch/imgurSearch.xml
primitiveTypes/richDocument.xml
primitiveTypes/imageClipping.xml
primitiveTypes/document.xml
primitiveTypes/aggregateSelfmade.xml
primitiveTypes/audioSelfmade.xml
primitiveTypes/creativeAct.xml
primitiveTypes/htmlText.xml
primitiveTypes/sequencedClippableDocument.xml
primitiveTypes/debugMetadata.xml
primitiveTypes/textClipping.xml
primitiveTypes/assignPrimaryLink.xml
primitiveTypes/xml.xml
primitiveTypes/metadata.xml
primitiveTypes/clipping.xml
primitiveTypes/documentMetadataWrap.xml
primitiveTypes/frameSelfmade.xml
primitiveTypes/videoSelfmade.xml
primitiveTypes/persistenceMetalnfo.xml
primitiveTypes/couchdbEntry.xml
primitiveTypes/macheClipping.xml
primitiveTypes/pdfMixin.xml
primitiveTypes/clippableDocument.xml
primitiveTypes/webVideo.xml
primitiveTypes/richArtifact.xml
primitiveTypes/imageSelfmade.xml
primitiveTypes/video.xml
primitiveTypes/curateLink.xml
primitiveTypes/informationCompositionMedia.xml
primitiveTypes/audio.xml
primitiveTypes/audioClipping.xml
primitiveTypes/pdf.xml
primitiveTypes/annotate.xml
primitiveTypes/cachedHTML.xml
primitiveTypes/videoClipping.xml
primitiveTypes/textSelfmade.xml
primitiveTypes/image.xml
primitiveTypes/mediaProvider.xml
event/icmsd.xml
event/event.xml
event/icsmdCharteredEvent.xml
event/gdacEasrthquake.xml
event/diasaster.xml
event/earthquake.xml
rss.xml
ndslService.xml
askNatureGroup.xml
flickrTag.xml
asosPage.xml
fodorAttractions.xml
citeulikeTag.xml
rwandaPersonnelInterview.xml
attractionList.xml
askNatureSubgroup.xml
instructableTag.xml
tvtropes.xml
acmPortalInstitution.xml
askNatureStrategy.xml
youtubeChannel.xml
ieeeReferences.xml
ieeeCitedBy.xml
askNatureFunction.xml
instructable.xml
rss_2_2.xml
icdlBookPreview.xml
opml.xml
gettyCollection.xml
icdlImageResult.xml
rwandaTribunalVoices.xml
openDNSDomain.xml
socialMediaInterest.xml
grantProgram.xml
nsfProgram.xml
tripAdvisor.xml
dublinCore.xml
slashdotRSS.xml
postalAddress.xml
contactPoint.xml
flamencoFacet.xml
askNatureProduct.xml
attraction.xml
ted_playlist.xml
publisher.xml
fondationTag.xml
jstorJournal.xml
flickrPhotostream.xml
nsfDivision.xml
gettyExploration.xml
nsfStaffList.xml
gisLocation.xml
thumbnail.xml
researchgateInstitutionDepartment.xml
ndslDocument.xml
item.xml
fondationCollection.xml
researchgateinstitution.xml
fastflipSearch.xml
askNatureImage.xml
buildInfo.xml
rwandaVideoInterview.xml
camera.xml
youtubePlaylist.xml
ingetaConnect.xml
patentClassification.xml
fodorAttraction.xml
redditFeed.xml
ted_topic.xml
yahooRss.xml
ieeeKeywords.xml
