wikipediaPage/wikipediaPage.xml
image/googlePatentImage.xml
image/googleImage.xml
weatherReport/weatherReport.xml
weatherReport/wuWeatherReport.xml
primitiveTypes/clippableDocument.xml
primitiveTypes/textSelfmade.xml
primitiveTypes/couchdbEntry.xml
primitiveTypes/imageSelfmade.xml
primitiveTypes/frameSelfmade.xml
primitiveTypes/metadata.xml
primitiveTypes/htmlText.xml
primitiveTypes/clipping.xml
primitiveTypes/documentMetadataWrap.xml
primitiveTypes/persistenceMetalnfo.xml
primitiveTypes/video.xml
primitiveTypes/audioSelfmade.xml
primitiveTypes/curateLink.xml
primitiveTypes/audio.xml
primitiveTypes/aggregateSelfmade.xml
primitiveTypes/videoClipping.xml
primitiveTypes/pdfMixin.xml
primitiveTypes/webVideo.xml
primitiveTypes/document.xml
primitiveTypes/videoSelfmade.xml
primitiveTypes/informationCompositionMedia.xml
primitiveTypes/annotate.xml
primitiveTypes/debugMetadata.xml
primitiveTypes/image.xml
primitiveTypes/imageClipping.xml
primitiveTypes/sequencedClippableDocument.xml
primitiveTypes/cachedHTML.xml
primitiveTypes/richDocument.xml
primitiveTypes/creativeAct.xml
primitiveTypes/macheClipping.xml
primitiveTypes/mediaProvider.xml
primitiveTypes/richArtifact.xml
primitiveTypes/textClipping.xml
primitiveTypes/assignPrimaryLink.xml
primitiveTypes/audioClipping.xml
primitiveTypes/pdf.xml
primitiveTypes/xml.xml
commodity/commodity.xml
commodity/product/potterybarnProduct.xml
commodity/product/modclothSearch.xml
commodity/product/targetProduct.xml
commodity/product/roomandboard.xml
commodity/product/pieroneProduct.xml
commodity/product/appleAccessoryProduct.xml
commodity/product/wayfairProduct.xml
commodity/product/walmartProduct.xml
commodity/product/crateAndBarrelProduct.xml
commodity/product/hmProduct.xml
commodity/product/forever21Product.xml
commodity/product/homeDepotProduct.xml
commodity/product/urbanHardwoodsProduct.xml
commodity/product/houzzProduct.xml
commodity/product/bedbathandbeyondProduct.xml
commodity/product/product.xml
commodity/product/landOfNodProduct.xml
commodity/product/appleProduct.xml
commodity/product/amazonProduct.xml
commodity/product/cb2Product.xml
commodity/product/glassTileStoreProduct.xml
commodity/product/onekingslaneProduct.xml
commodity/product/taylorSwiftProduct.xml
commodity/product/uniqloProduct.xml
commodity/product/modclothProduct.xml
commodity/product/overstockProduct.xml
commodity/product/zaraProduct.xml
commodity/product/asosProduct.xml
commodity/product/samsclubProduct.xml
commodity/product/anthropologieProduct.xml
commodity/product/appleMacProduct.xml
commodity/product/restorationHardwareProduct.xml
commodity/product/etsyProduct.xml
commodity/product/ebayProduct.xml
commodity/product/remodelistaProduct.xml
commodity/product/tigerdirectProduct.xml
commodity/product/bestbuyProduct.xml
commodity/product/sixpmProduct.xml
commodity/product/westelmProduct.xml
commodity/product/ikeaProduct.xml
commodity/product/neweggProduct.xml
commodity/product/lowesProduct.xml
commodity/service/tripAdvisorHotel.xml
commodity/service/hotel.xml
commodity/service/hiltonHotel.xml
commodity/service/service.xml
commodity/service/urbanspoonGenre.xml
commodity/service/yelpBusiness.xml
commodity/service/homeawayHotel.xml
commodity/service/airbnbHotel.xml
commodity/service/urbanspoonResteraunt.xml
commodity/service/restaurant.xml
otherDefinitions/styles.xml
otherDefinitions/sites.xml
otherDefinitions/engines.xml
otherDefinitions/agents.xml
person/citeulikeUser.xml
person/imdbMoviePerson.xml
person/grantStaff.xml
person/nsfStaff.xml
person/moviePerson.xml
person/socialMediaUser.xml
person/rottenTomatoeMoviePerson.xml
person/fashionReviewer.xml
person/person.xml
person/author/tedAuthor.xml
person/author/pubmedAuthor.xml
person/author/tateArtist.xml
person/author/newMuseumArtist.xml
person/author/googlePatentAuthor.xml
person/author/springerEditor.xml
person/author/patentAuthor.xml
person/author/citeulikeAuthor.xml
person/author/idea_mache_user.xml
person/author/acmAuthor.xml
person/author/rhizomeArtist.xml
person/author/gettyArtist.xml
person/author/momaArtist.xml
person/author/instructableAuthor.xml
person/author/flickrAuthor.xml
person/author/investigator.xml
person/author/nsfinvestigator.xml
person/author/artist.xml
person/author/scopusAuthor.xml
person/author/tweeter.xml
person/author/googleScholarAuthor.xml
person/author/researchgateAuthor.xml
person/author/ieeeAuthor.xml
person/author/facebookUser.xml
person/author/author.xml
creativeWork/pinterestAuthor.xml
creativeWork/fondationArticle.xml
creativeWork/boardGame.xml
creativeWork/tvComShow.xml
creativeWork/creativeWork.xml
creativeWork/netflixMovie.xml
creativeWork/curation.xml
creativeWork/pinterestPin.xml
creativeWork/rottenTomatoeMovie.xml
creativeWork/tvShowEpisode.xml
creativeWork/leagueOfLegendsChampion.xml
creativeWork/youtubeVideo.xml
creativeWork/nsfAwardGrant.xml
creativeWork/socialMediaProfile.xml
creativeWork/bggBoardGame.xml
creativeWork/movie.xml
creativeWork/facebookVideo.xml
creativeWork/vimeoVideo.xml
creativeWork/nytimesArticle.xml
creativeWork/tvShow.xml
creativeWork/amazonList.xml
creativeWork/slashdotPost.xml
creativeWork/pinterestPinboard.xml
creativeWork/socialVideo.xml
creativeWork/grant.xml
creativeWork/tedTalkVideo.xml
creativeWork/imdbMovie.xml
creativeWork/instagramVideo.xml
creativeWork/patent.xml
creativeWork/googlePatent.xml
creativeWork/artwork/whitneyArtwork.xml
creativeWork/artwork/whitneyWatchAndListen.xml
creativeWork/artwork/momaArtwork.xml
creativeWork/artwork/guggenArtwork.xml
creativeWork/artwork/tateArtwork.xml
creativeWork/artwork/mmArtwork.xml
creativeWork/artwork/rhizomeArtwork.xml
creativeWork/artwork/newMuseumArtwork.xml
creativeWork/artwork/metArtwork.xml
creativeWork/artwork/gettyArtwork.xml
creativeWork/artwork/flamencoObject.xml
creativeWork/artwork/artwork.xml
creativeWork/artwork/cartoon/globeCartoon.xml
creativeWork/artwork/cartoon/trumanCampaignCartoon.xml
creativeWork/artwork/cartoon/gaurdianComic.xml
creativeWork/artwork/cartoon/britishCartoonArchive.xml
creativeWork/artwork/cartoon/sfuCartoonArchive.xml
creativeWork/artwork/cartoon/politicalCartoon.xml
creativeWork/artwork/cartoon/cartoon.xml
creativeWork/blog/facebookProfile.xml
creativeWork/blog/socialMediaFeed.xml
creativeWork/blog/wordpressBlog.xml
creativeWork/blog/instagramProfile.xml
creativeWork/blog/instagramHomeFeed.xml
creativeWork/blog/twitterBlog.xml
creativeWork/blog/instagramTagFeed.xml
creativeWork/blog/facebookNewsFeed.xml
creativeWork/blog/subreddit.xml
creativeWork/blog/blog.xml
creativeWork/blog/facebookGroup.xml
creativeWork/publication/acmPortalPublication.xml
creativeWork/publication/periodical.xml
creativeWork/publication/springerBook.xml
creativeWork/publication/googleBook.xml
creativeWork/publication/ieeeJournal.xml
creativeWork/publication/book.xml
creativeWork/publication/basicPublication.xml
creativeWork/publication/pubmedJournal.xml
creativeWork/publication/springerJournal.xml
creativeWork/publication/amazonBook.xml
creativeWork/publication/publication.xml
creativeWork/publication/springerSeriesSummary.xml
creativeWork/techReview/techReview.xml
creativeWork/techReview/cnetReview.xml
creativeWork/techReview/anandtechReview.xml
creativeWork/collaborative/githubCommits.xml
creativeWork/collaborative/repository.xml
creativeWork/collaborative/githubIssuePage.xml
creativeWork/collaborative/githubIssues.xml
creativeWork/collaborative/githubProject.xml
creativeWork/blogPost/twitterStatus.xml
creativeWork/blogPost/blogPost.xml
creativeWork/blogPost/flickrPhotoPost.xml
creativeWork/blogPost/instagramPost.xml
creativeWork/blogPost/twitterPost.xml
creativeWork/blogPost/tumblrPost.xml
creativeWork/blogPost/wordpressPost.xml
creativeWork/blogPost/socialMediaPost.xml
creativeWork/article/newsArticle.xml
creativeWork/article/article.xml
creativeWork/scholarlyArticle/scienceDirectArticle.xml
creativeWork/scholarlyArticle/sageArticle.xml
creativeWork/scholarlyArticle/citeseerxSummary.xml
creativeWork/scholarlyArticle/jstorArticle.xml
creativeWork/scholarlyArticle/acmScholarlyArticle.xml
creativeWork/scholarlyArticle/pubmedArticle.xml
creativeWork/scholarlyArticle/researchgateArticle.xml
creativeWork/scholarlyArticle/ieeeArticle.xml
creativeWork/scholarlyArticle/citeseerxRecord.xml
creativeWork/scholarlyArticle/citeulikePaper.xml
creativeWork/scholarlyArticle/wileyArticle.xml
creativeWork/scholarlyArticle/citeseerxSimilar.xml
creativeWork/scholarlyArticle/informaWorldScholarlyArticle.xml
creativeWork/scholarlyArticle/ieeeArticleBody.xml
creativeWork/scholarlyArticle/scholarlyArticle.xml
creativeWork/scholarlyArticle/googleScholarArticle.xml
creativeWork/scholarlyArticle/springerArticle.xml
creativeWork/scholarlyArticle/researchgateResearcher.xml
creativeWork/scholarlyArticle/scopusArticle.xml
creativeWork/exhibition/artchiExhibition.xml
creativeWork/exhibition/newmuseumExhibition.xml
creativeWork/exhibition/rhizomeCollection.xml
creativeWork/exhibition/exhibition.xml
event/gdacEasrthquake.xml
event/earthquake.xml
event/icmsd.xml
event/diasaster.xml
event/icsmdCharteredEvent.xml
event/event.xml
search/wikipediaSearch.xml
search/researchGateSearch.xml
search/acmPortalSearch.xml
search/googleSearch.xml
search/citeulikeSearch.xml
search/slashdotSearch.xml
search/youtubeSearch.xml
search/search.xml
search/tumblrSearch.xml
search/nsfSearch.xml
search/rhizomeTag.xml
search/whitneySearch.xml
search/bingSearch.xml
search/newmuseumFilter.xml
search/whitneyDecade.xml
search/twitterSearch.xml
search/tateFilter.xml
search/jstorSearch.xml
search/guggenFilter.xml
search/redditSearch.xml
search/gettySearch.xml
search/momaList.xml
search/metFilter.xml
search/citeseerxCiting.xml
search/myGoogleSearch.xml
search/gScholarAuthorSearch.xml
search/scopusSearch.xml
search/ieeeSearch.xml
search/yahooSearch.xml
search/citeseerxSearch.xml
search/urbanspoonSearch.xml
search/springerSearch.xml
search/googleScholarSearch.xml
search/imageSearch/imageSearch.xml
search/imageSearch/imgurSearch.xml
search/imageSearch/tumblrTagResults.xml
search/imageSearch/bingImageSearch.xml
search/imageSearch/googleImageSearch.xml
search/imageSearch/redditGifSearch.xml
search/imageSearch/pinterestImageSearch.xml
comment/rating.xml
comment/comment.xml
comment/review.xml
buildInfo.xml
icdlImageResult.xml
askNatureStrategy.xml
gettyCollection.xml
openDNSDomain.xml
postalAddress.xml
rwandaPersonnelInterview.xml
fondationCollection.xml
rss.xml
slashdotRSS.xml
rss_2_2.xml
ndslDocument.xml
flickrTag.xml
fodorAttractions.xml
youtubeChannel.xml
acmPortalInstitution.xml
publisher.xml
ted_playlist.xml
fodorAttraction.xml
nsfDivision.xml
item.xml
nsfProgram.xml
patentClassification.xml
gettyExploration.xml
rwandaTribunalVoices.xml
askNatureImage.xml
askNatureFunction.xml
askNatureSubgroup.xml
yahooRss.xml
researchgateinstitution.xml
asosPage.xml
flickrPhotostream.xml
askNatureGroup.xml
contactPoint.xml
camera.xml
ndslService.xml
nsfStaffList.xml
rwandaVideoInterview.xml
dublinCore.xml
attraction.xml
citeulikeTag.xml
instructableTag.xml
researchgateInstitutionDepartment.xml
fondationTag.xml
askNatureProduct.xml
instructable.xml
redditFeed.xml
socialMediaInterest.xml
fastflipSearch.xml
tripAdvisor.xml
jstorJournal.xml
thumbnail.xml
opml.xml
icdlBookPreview.xml
youtubePlaylist.xml
ted_topic.xml
flamencoFacet.xml
grantProgram.xml
tvtropes.xml
ingetaConnect.xml
gisLocation.xml
ieeeCitedBy.xml
attractionList.xml
ieeeReferences.xml
ieeeKeywords.xml
