agents.xml
engines.xml
primitives.xml
sites.xml
styles.xml
repositorySources/acmPortal.xml
repositorySources/artwork.xml
repositorySources/askNature.xml
repositorySources/blog.xml
repositorySources/boardGame.xml
repositorySources/buzz.xml
repositorySources/camera.xml
repositorySources/cartoon.xml
repositorySources/citeseerx.xml
repositorySources/citeulike.xml
repositorySources/creativeWork.xml
repositorySources/delicious.xml
repositorySources/fastflip.xml
repositorySources/flickr.xml
repositorySources/gis.xml
repositorySources/googleBook.xml
repositorySources/googleImage.xml
repositorySources/grant.xml
repositorySources/hotel.xml
repositorySources/icdl.xml
repositorySources/ieeeXplore.xml
repositorySources/imdb.xml
repositorySources/informationComposition.xml
repositorySources/instructables.xml
repositorySources/leagueoflegends.xml
repositorySources/lolz.xml
repositorySources/misc.xml
repositorySources/movie.xml
repositorySources/museum.xml
repositorySources/news.xml
repositorySources/nsf.xml
repositorySources/opml.xml
repositorySources/patent.xml
repositorySources/person.xml
repositorySources/pinterest.xml
repositorySources/productAndService.xml
repositorySources/publication.xml
repositorySources/pubmed.xml
repositorySources/restaurant.xml
repositorySources/review.xml
repositorySources/rss.xml
repositorySources/scholarlyArticle.xml
repositorySources/scienceDirect.xml
repositorySources/search.xml
repositorySources/slashdot.xml
repositorySources/socialMedia.xml
repositorySources/tribunalvoices.xml
repositorySources/tumblr.xml
repositorySources/tvShow.xml
repositorySources/tvtropes.xml
repositorySources/video.xml
repositorySources/weather.xml
repositorySources/wikipedia.xml
repositorySources/wikipediaMobile.xml
repositorySources/wordpress.xml
powerUser/dlese.xml
powerUser/dreamHouse.xml
powerUser/earthquake.xml
powerUser/generics_test_1.xml
powerUser/nsdl.xml
powerUser/travel.xml
powerUser/tripAdvisor.xml
powerUser/txtf1_emergent_event.xml
powerUser/txtf1_spotrep.xml
powerUser/urbanSpoon.xml
powerUser/uva.xml
powerUser/yelp.xml
